I'm sorry, but errors were detected in your script. Please correct the
errors listed below, and try again.


File "game/script.rpy", line 198: expected end of line
    play music "audio/angin-sepoi.ogg" volume 50% fadein 1.0
                                                         ^

Ren'Py Version: Ren'Py 8.1.1.23060707
Thu Nov 16 04:05:20 2023
